{
  "entryContent": {
    "fields": {
      "internalName": {
        "en-US": "‚ùå [ENG] FAQ Lists"
      },
      "question": {
        "en-US": "FAQ Lists"
      },
      "answer": {
        "en-US": {
          "data": {},
          "content": [
            {
              "data": {},
              "content": [
                {
                  "data": {},
                  "content": [
                    {
                      "data": {},
                      "content": [
                        {
                          "data": {},
                          "marks": [],
                          "value": "Unordered Item A",
                          "nodeType": "text"
                        }
                      ],
                      "nodeType": "paragraph"
                    }
                  ],
                  "nodeType": "list-item"
                },
                {
                  "data": {},
                  "content": [
                    {
                      "data": {},
                      "content": [
                        {
                          "data": {},
                          "marks": [
                            {
                              "type": "bold"
                            }
                          ],
                          "value": "Unordered Item B",
                          "nodeType": "text"
                        }
                      ],
                      "nodeType": "paragraph"
                    }
                  ],
                  "nodeType": "list-item"
                },
                {
                  "data": {},
                  "content": [
                    {
                      "data": {},
                      "content": [
                        {
                          "data": {},
                          "marks": [
                            {
                              "type": "italic"
                            }
                          ],
                          "value": "Unordered Item C",
                          "nodeType": "text"
                        }
                      ],
                      "nodeType": "paragraph"
                    }
                  ],
                  "nodeType": "list-item"
                }
              ],
              "nodeType": "unordered-list"
            },
            {
              "data": {},
              "content": [
                {
                  "data": {},
                  "content": [
                    {
                      "data": {},
                      "content": [
                        {
                          "data": {},
                          "marks": [],
                          "value": "Ordered Item 1",
                          "nodeType": "text"
                        }
                      ],
                      "nodeType": "paragraph"
                    }
                  ],
                  "nodeType": "list-item"
                },
                {
                  "data": {},
                  "content": [
                    {
                      "data": {},
                      "content": [
                        {
                          "data": {},
                          "marks": [
                            {
                              "type": "bold"
                            }
                          ],
                          "value": "Ordered Item 2",
                          "nodeType": "text"
                        }
                      ],
                      "nodeType": "paragraph"
                    }
                  ],
                  "nodeType": "list-item"
                },
                {
                  "data": {},
                  "content": [
                    {
                      "data": {},
                      "content": [
                        {
                          "data": {},
                          "marks": [
                            {
                              "type": "italic"
                            }
                          ],
                          "value": "Ordered Item 3",
                          "nodeType": "text"
                        }
                      ],
                      "nodeType": "paragraph"
                    }
                  ],
                  "nodeType": "list-item"
                }
              ],
              "nodeType": "ordered-list"
            },
            {
              "data": {},
              "content": [
                {
                  "data": {},
                  "marks": [],
                  "value": "",
                  "nodeType": "text"
                }
              ],
              "nodeType": "paragraph"
            }
          ],
          "nodeType": "document"
        }
      }
    }
  },
  "contentType": "faq"
}
