{
  "entryContent": {
    "fields": {
      "internalName": {
        "en-US": "FAQ Accordion Test"
      },
      "faQsName": {
        "en-US": "FAQ Accordion Test"
      },
      "faqItems": {
        "en-US": [
          {
            "sys": {
              "type": "Link",
              "linkType": "Entry",
              "id": "51urVYxgf4qqIZy5jWkgRk"
            }
          },
          {
            "sys": {
              "type": "Link",
              "linkType": "Entry",
              "id": "19LOg2OhaQROxsIT7ATjqc"
            }
          },
          {
            "sys": {
              "type": "Link",
              "linkType": "Entry",
              "id": "7rV1ujJgi05fYtqIEKagMm"
            }
          }
        ]
      }
    }
  },
  "contentType": "faqs"
}
