{
  "entryContent": {
    "fields": {
      "internalName": {
        "en-US": "Image Carousel"
      },
      "carouselName": {
        "en-US": "Image Carousel"
      },
      "carouselType": {
        "en-US": "Image"
      },
      "imageSlides": {
        "en-US": [
          {
            "sys": {
              "type": "Link",
              "linkType": "Asset",
              "id": "6fdNRFZbNXpiXQd6v7fHen"
            }
          },
          {
            "sys": {
              "type": "Link",
              "linkType": "Asset",
              "id": "46WnKBOGVA8e4bFtBSRPuE"
            }
          },
          {
            "sys": {
              "type": "Link",
              "linkType": "Asset",
              "id": "1HgwocWNiSAY4TY3qUHePl"
            }
          },
          {
            "sys": {
              "type": "Link",
              "linkType": "Asset",
              "id": "vmG5Xu7ZzeeFbU2ijcQKy"
            }
          },
          {
            "sys": {
              "type": "Link",
              "linkType": "Asset",
              "id": "QPuMAGBpU6aOxAYDGgVVS"
            }
          },
          {
            "sys": {
              "type": "Link",
              "linkType": "Asset",
              "id": "1FoAIawLvsqRRH1qZ43L3c"
            }
          }
        ]
      }
    }
  },
  "contentType": "carousel"
}
