{
  "entryContent": {
    "fields": {
      "title": {
        "en-US": "‚ùå [ENG] Google Classroom TEST"
      },
      "logoImage": {
        "en-US": {
          "sys": {
            "type": "Link",
            "linkType": "Asset",
            "id": "5j9YYfi7OAiT8hR2ZKsWdX"
          }
        }
      },
      "primaryLinkRef": {
        "en-US": {
          "sys": {
            "type": "Link",
            "linkType": "Entry",
            "id": "4shm3jYrTHk9uBKkgQMQf6"
          }
        }
      }
    }
  },
  "contentType": "organization"
}
