{
  "entryContent": {
    "fields": {
      "name": {
        "en-US": "‚ùå [ENG] C Person"
      },
      "image": {
        "en-US": {
          "sys": {
            "type": "Link",
            "linkType": "Asset",
            "id": "6fdNRFZbNXpiXQd6v7fHen"
          }
        }
      },
      "title": {
        "en-US": "C Person Title"
      },
      "bio": {
        "en-US": "Praesent eget risus vitae massa semper aliquam quis mattis quam. Morbi vitae tortor tempus, placerat leo et, suscipit lectus."
      }
    }
  },
  "contentType": "person"
}
