{
  "entryContent": {
    "fields": {
      "title": {
        "en-US": "Self-Paced PL 2"
      },
      "actionBlockOverline": {
        "en-US": "K-5 Teachers"
      },
      "shortDescription": {
        "en-US": "Lorem ipsum dolor sit amet, consectetur adipiscing elit. Praesent eget risus vitae massa semper aliquam quis mattis quam. "
      },
      "image": {
        "en-US": {
          "sys": {
            "type": "Link",
            "linkType": "Asset",
            "id": "6fdNRFZbNXpiXQd6v7fHen"
          }
        }
      },
      "primaryLinkRef": {
        "en-US": {
          "sys": {
            "type": "Link",
            "linkType": "Entry",
            "id": "79dI2fR2dzbb0IN3dFQJ3t"
          }
        }
      },
      "secondaryLinkRef": {
        "en-US": {
          "sys": {
            "type": "Link",
            "linkType": "Entry",
            "id": "49SifjEqSHArcx1iEiSw4o"
          }
        }
      },
      "experienceLevel": {
        "en-US": [
          "Beginner"
        ]
      },
      "duration": {
        "en-US": 2
      }
    }
  },
  "contentType": "selfPacedPl"
}
