{
  "entryContent": {
    "fields": {
      "internalName": {
        "en-US": "‚ùå [ENG] Curriculum Carousel "
      },
      "carouselName": {
        "en-US": "Curriculum Carousel "
      },
      "carouselType": {
        "en-US": "Curriculum"
      },
      "slides": {
        "en-US": [
          {
            "sys": {
              "type": "Link",
              "linkType": "Entry",
              "id": "3CqSD4orrZzEoAvyXEFS7x"
            }
          },
          {
            "sys": {
              "type": "Link",
              "linkType": "Entry",
              "id": "1HWV07i9omvarlmtVr4orB"
            }
          },
          {
            "sys": {
              "type": "Link",
              "linkType": "Entry",
              "id": "6Jgr1x1twPWiSMQpCUmrUt"
            }
          },
          {
            "sys": {
              "type": "Link",
              "linkType": "Entry",
              "id": "1HIaZBetOiLXTpTaomepyu"
            }
          }
        ]
      }
    }
  },
  "contentType": "carousel"
}
