{
  "entryContent": {
    "fields": {
      "linkName": {
        "en-US": "Primary Button External Link"
      },
      "label": {
        "en-US": "Primary Button External Link"
      },
      "primaryTarget": {
        "en-US": "https://studion.code.org"
      },
      "isThisAnExternalLink": {
        "en-US": true
      }
    }
  },
  "contentType": "link"
}
