{
  "entryContent": {
    "fields": {
      "name": {
        "en-US": "‚ùå [ENG] D Person"
      },
      "title": {
        "en-US": "D Person Title"
      },
      "bio": {
        "en-US": "Phasellus ut euismod massa, eu eleifend ipsum. Nulla eu neque commodo, dapibus dolor eget, dictum arcu. In nec purus eu tellus consequat ultricies. Donec feugiat tempor turpis, rutrum sagittis mi."
      }
    }
  },
  "contentType": "person"
}
