{
  "entryContent": {
    "fields": {
      "listName": {
        "en-US": "‚ùå [ENG] Action Block Collection TEST"
      },
      "itemsInThisList": {
        "en-US": [
          {
            "sys": {
              "type": "Link",
              "linkType": "Entry",
              "id": "6Jgr1x1twPWiSMQpCUmrUt"
            }
          },
          {
            "sys": {
              "type": "Link",
              "linkType": "Entry",
              "id": "7Gumifs6ZTcj2G02BUoqFz"
            }
          },
          {
            "sys": {
              "type": "Link",
              "linkType": "Entry",
              "id": "1HWV07i9omvarlmtVr4orB"
            }
          },
          {
            "sys": {
              "type": "Link",
              "linkType": "Entry",
              "id": "tQOlCHWsKpGR4hFaI3xqm"
            }
          },
          {
            "sys": {
              "type": "Link",
              "linkType": "Entry",
              "id": "3CqSD4orrZzEoAvyXEFS7x"
            }
          },
          {
            "sys": {
              "type": "Link",
              "linkType": "Entry",
              "id": "6gUm7q1JYZjyE5p9EfANIG"
            }
          }
        ]
      }
    }
  },
  "contentType": "list"
}
