{
  "entryContent": {
    "fields": {
      "name": {
        "en-US": "‚ùå [ENG] List Item 1"
      },
      "shortText": {
        "en-US": "List Item 1"
      },
      "longText": {
        "en-US": "Lorem ipsum dolor sit amet, consectetur adipiscing elit."
      },
      "ctas": {
        "en-US": [
          {
            "sys": {
              "type": "Link",
              "linkType": "Entry",
              "id": "3IqvCruY4yXUCkvfArArsD"
            }
          }
        ]
      },
      "singleCta": {
        "en-US": {
          "sys": {
            "type": "Link",
            "linkType": "Entry",
            "id": "3IqvCruY4yXUCkvfArArsD"
          }
        }
      }
    }
  },
  "contentType": "listItem"
}
