{
  "entryContent": {
    "fields": {
      "title": {
        "en-US": "Curriculum 1"
      },
      "actionBlockOverline": {
        "en-US": "Grades K-5"
      },
      "shortDescription": {
        "en-US": "Lorem ipsum dolor sit amet, consectetur adipiscing elit. Praesent eget risus vitae massa semper aliquam quis mattis quam."
      },
      "primaryLinkRef": {
        "en-US": {
          "sys": {
            "type": "Link",
            "linkType": "Entry",
            "id": "79dI2fR2dzbb0IN3dFQJ3t"
          }
        }
      },
      "secondaryLinkRef": {
        "en-US": {
          "sys": {
            "type": "Link",
            "linkType": "Entry",
            "id": "49SifjEqSHArcx1iEiSw4o"
          }
        }
      },
      "image": {
        "en-US": {
          "sys": {
            "type": "Link",
            "linkType": "Asset",
            "id": "46WnKBOGVA8e4bFtBSRPuE"
          }
        }
      },
      "grade": {
        "en-US": [
          "K",
          "1",
          "2",
          "3",
          "4",
          "5",
          "6",
          "7",
          "8",
          "9",
          "10",
          "11",
          "12"
        ]
      },
      "experienceLevel": {
        "en-US": [
          "Beginner"
        ]
      },
      "duration": {
        "en-US": [
          "School Year"
        ]
      },
      "devices": {
        "en-US": [
          "Computer"
        ]
      },
      "topics": {
        "en-US": [
          "Art and Design",
          "App Design",
          "Artificial Intelligence",
          "Web Design"
        ]
      },
      "professionalLearning": {
        "en-US": [
          "Facilitator-led Workshops",
          "Self-paced Modules"
        ]
      },
      "accessibility": {
        "en-US": [
          "Text to Speech",
          "Closed captioning",
          "Immersive reader"
        ]
      },
      "languages": {
        "en-US": [
          "Arabic",
          "Bahasa Indonesian",
          "Chinese Traditional",
          "English",
          "Farsi",
          "French",
          "German",
          "Hindi",
          "Italian",
          "Japanese",
          "Korean",
          "Polish",
          "Portuguese - Brazil",
          "Slovak",
          "Spanish - Latam",
          "Spanish - Spain",
          "Thai",
          "Turkish"
        ]
      }
    }
  },
  "contentType": "curriculum"
}
