{
  "entryContent": {
    "fields": {
      "linkName": {
        "en-US": "‚ùå [ENG] Schoology TEST"
      },
      "label": {
        "en-US": "Schoology"
      },
      "primaryTarget": {
        "en-US": "https://www.powerschool.com/solutions/personalized-learning/schoology-learning/"
      },
      "isThisAnExternalLink": {
        "en-US": true
      }
    }
  },
  "contentType": "link"
}
