{
  "entryContent": {
    "fields": {
      "internalName": {
        "en-US": "‚ùå [ENG] Tab Group Test Item - Image and button"
      },
      "tabLabel": {
        "en-US": "Test Item Image and Button"
      },
      "title": {
        "en-US": "Image and Button"
      },
      "description": {
        "en-US": "With image and button"
      },
      "ctaLink": {
        "en-US": {
          "sys": {
            "type": "Link",
            "linkType": "Entry",
            "id": "5CznPyR4ZsbIkhpwSaUxoe"
          }
        }
      },
      "image": {
        "en-US": {
          "sys": {
            "type": "Link",
            "linkType": "Asset",
            "id": "6fdNRFZbNXpiXQd6v7fHen"
          }
        }
      }
    }
  },
  "contentType": "tabGroupItem"
}
