{
  "entryContent": {
    "fields": {
      "internalName": {
        "en-US": "‚ùå [ENG] Tab Group Test Item - Button"
      },
      "tabLabel": {
        "en-US": "Test Item Button"
      },
      "title": {
        "en-US": "With Button"
      },
      "description": {
        "en-US": "Without image, with button"
      },
      "ctaLink": {
        "en-US": {
          "sys": {
            "type": "Link",
            "linkType": "Entry",
            "id": "5CznPyR4ZsbIkhpwSaUxoe"
          }
        }
      }
    }
  },
  "contentType": "tabGroupItem"
}
