{
  "entryContent": {
    "fields": {
      "linkName": {
        "en-US": "‚ùå [ENG] Secondary button test"
      },
      "label": {
        "en-US": "Secondary button test"
      },
      "primaryTarget": {
        "en-US": "/ping"
      },
      "isThisAnExternalLink": {
        "en-US": false
      },
      "ariaLabel": {
        "en-US": "Secondary button test"
      }
    }
  },
  "contentType": "link"
}
