{
  "entryContent": {
    "fields": {
      "title": {
        "en-US": "‚ùå [ENG] Clever TEST"
      },
      "logoImage": {
        "en-US": {
          "sys": {
            "type": "Link",
            "linkType": "Asset",
            "id": "2BrqKCCWUw4Ns8lf1BeXuA"
          }
        }
      }
    }
  },
  "contentType": "organization"
}
