{
  "entryContent": {
    "fields": {
      "quoteName": {
        "en-US": "Code.org supports teachers the whole way with professional learning, comprehensive curricula, and support when you need it."
      },
      "longQuote": {
        "en-US": "Join the global community of over 2 million educators empowering the next generation of innovators, problem solvers, and digital citizens! Code.org supports teachers the whole way with professional learning, comprehensive curricula, and support when you need it."
      },
      "name": {
        "en-US": "Code.org Engineering Team"
      },
      "descriptor": {
        "en-US": "[ENGINEERING ONLY] Content localization test"
      }
    }
  },
  "contentType": "quote"
}
