{
  "entryContent": {
    "fields": {
      "linkName": {
        "en-US": "‚ùå [ENG] Google Classroom TEST"
      },
      "label": {
        "en-US": "Google Classroom"
      },
      "primaryTarget": {
        "en-US": "https://edu.google.com/workspace-for-education/products/classroom/"
      },
      "isThisAnExternalLink": {
        "en-US": true
      }
    }
  },
  "contentType": "link"
}
