{
  "entryContent": {
    "fields": {
      "internalName": {
        "en-US": "‚ùå [ENG] Tab Group Test Item - Image"
      },
      "tabLabel": {
        "en-US": "Test Item Image"
      },
      "title": {
        "en-US": "With Image"
      },
      "description": {
        "en-US": "With image, without button"
      },
      "image": {
        "en-US": {
          "sys": {
            "type": "Link",
            "linkType": "Asset",
            "id": "6fdNRFZbNXpiXQd6v7fHen"
          }
        }
      }
    }
  },
  "contentType": "tabGroupItem"
}
