{
  "entryContent": {
    "fields": {
      "listName": {
        "en-US": "‚ùå [ENG] Logos Collection TEST"
      },
      "itemsInThisList": {
        "en-US": [
          {
            "sys": {
              "type": "Link",
              "linkType": "Entry",
              "id": "5nnUZ6lpANuWWjP570Cr1y"
            }
          },
          {
            "sys": {
              "type": "Link",
              "linkType": "Entry",
              "id": "M63pYe4MTJL67EQeHpsuX"
            }
          },
          {
            "sys": {
              "type": "Link",
              "linkType": "Entry",
              "id": "7lymk9QTo4TbYsOJeuPisD"
            }
          },
          {
            "sys": {
              "type": "Link",
              "linkType": "Entry",
              "id": "4CuRZhyG9C7gAzo0fnR5xR"
            }
          },
          {
            "sys": {
              "type": "Link",
              "linkType": "Entry",
              "id": "5kOYMQKGJG6wtv3uHGQdTJ"
            }
          },
          {
            "sys": {
              "type": "Link",
              "linkType": "Entry",
              "id": "1td81MiIkTqJl6hYb8PVc7"
            }
          }
        ]
      }
    }
  },
  "contentType": "list"
}
