{
  "entryContent": {
    "fields": {
      "internalName": {
        "en-US": "‚ùå [ENG] Tab Group Test"
      },
      "sectionHeading": {
        "en-US": "Tab Group Test"
      },
      "tabGroupItems": {
        "en-US": [
          {
            "sys": {
              "type": "Link",
              "linkType": "Entry",
              "id": "3xJ2LiZNhVnIlKKDbMQdFa"
            }
          },
          {
            "sys": {
              "type": "Link",
              "linkType": "Entry",
              "id": "12iuTUu5MlPvPWLus9Hvrf"
            }
          },
          {
            "sys": {
              "type": "Link",
              "linkType": "Entry",
              "id": "46NCc7SIHw7515NHSQqNU7"
            }
          },
          {
            "sys": {
              "type": "Link",
              "linkType": "Entry",
              "id": "4ZWA1QCB7lTf2qZE0NWtoW"
            }
          }
        ]
      }
    }
  },
  "contentType": "tabGroup"
}
