{
  "entryContent": {
    "fields": {
      "title": {
        "en-US": "‚ùå [ENG] Schoology TEST"
      },
      "logoImage": {
        "en-US": {
          "sys": {
            "type": "Link",
            "linkType": "Asset",
            "id": "6SvP2wibIZUufai9LgLaS2"
          }
        }
      },
      "primaryLinkRef": {
        "en-US": {
          "sys": {
            "type": "Link",
            "linkType": "Entry",
            "id": "3UaLznScxJz5Y3eN1mlKMY"
          }
        }
      }
    }
  },
  "contentType": "organization"
}
