{
  "entryContent": {
    "fields": {
      "linkName": {
        "en-US": "‚ùå [ENG] Amazon Link TEST"
      },
      "label": {
        "en-US": "Amazon"
      },
      "primaryTarget": {
        "en-US": "https://amazon.com"
      },
      "isThisAnExternalLink": {
        "en-US": true
      }
    }
  },
  "contentType": "link"
}
