{
  "entryContent": {
    "fields": {
      "internalName": {
        "en-US": "Rich Text Test"
      },
      "overline": {
        "en-US": "Rich Text Test"
      },
      "heading": {
        "en-US": "Rich Text"
      },
      "formattedSectionContent": {
        "en-US": {
          "nodeType": "document",
          "data": {},
          "content": [
            {
              "nodeType": "paragraph",
              "data": {},
              "content": [
                {
                  "nodeType": "text",
                  "value": "Normal text",
                  "marks": [],
                  "data": {}
                }
              ]
            },
            {
              "nodeType": "paragraph",
              "data": {},
              "content": [
                {
                  "nodeType": "text",
                  "value": "Bold text",
                  "marks": [
                    {
                      "type": "bold"
                    }
                  ],
                  "data": {}
                }
              ]
            },
            {
              "nodeType": "paragraph",
              "data": {},
              "content": [
                {
                  "nodeType": "text",
                  "value": "Multiline\n",
                  "marks": [],
                  "data": {}
                },
                {
                  "nodeType": "text",
                  "value": "complex",
                  "marks": [
                    {
                      "type": "bold"
                    }
                  ],
                  "data": {}
                },
                {
                  "nodeType": "text",
                  "value": " text",
                  "marks": [],
                  "data": {}
                }
              ]
            },
            {
              "nodeType": "paragraph",
              "data": {},
              "content": [
                {
                  "nodeType": "text",
                  "value": "",
                  "marks": [],
                  "data": {}
                },
                {
                  "nodeType": "hyperlink",
                  "data": {
                    "uri": "https://code.org"
                  },
                  "content": [
                    {
                      "nodeType": "text",
                      "value": "Normal link",
                      "marks": [],
                      "data": {}
                    }
                  ]
                },
                {
                  "nodeType": "text",
                  "value": "",
                  "marks": [],
                  "data": {}
                }
              ]
            },
            {
              "nodeType": "paragraph",
              "data": {},
              "content": [
                {
                  "nodeType": "text",
                  "value": "",
                  "marks": [
                    {
                      "type": "bold"
                    }
                  ],
                  "data": {}
                },
                {
                  "nodeType": "hyperlink",
                  "data": {
                    "uri": "https://code.org"
                  },
                  "content": [
                    {
                      "nodeType": "text",
                      "value": "Bold link",
                      "marks": [
                        {
                          "type": "bold"
                        }
                      ],
                      "data": {}
                    }
                  ]
                },
                {
                  "nodeType": "text",
                  "value": "",
                  "marks": [],
                  "data": {}
                }
              ]
            },
            {
              "nodeType": "unordered-list",
              "data": {},
              "content": [
                {
                  "nodeType": "list-item",
                  "data": {},
                  "content": [
                    {
                      "nodeType": "paragraph",
                      "data": {},
                      "content": [
                        {
                          "nodeType": "text",
                          "value": "Unordered Item A",
                          "marks": [],
                          "data": {}
                        }
                      ]
                    }
                  ]
                },
                {
                  "nodeType": "list-item",
                  "data": {},
                  "content": [
                    {
                      "nodeType": "paragraph",
                      "data": {},
                      "content": [
                        {
                          "nodeType": "text",
                          "value": "Unordered Item B",
                          "marks": [
                            {
                              "type": "bold"
                            }
                          ],
                          "data": {}
                        }
                      ]
                    }
                  ]
                }
              ]
            },
            {
              "nodeType": "ordered-list",
              "data": {},
              "content": [
                {
                  "nodeType": "list-item",
                  "data": {},
                  "content": [
                    {
                      "nodeType": "paragraph",
                      "data": {},
                      "content": [
                        {
                          "nodeType": "text",
                          "value": "Ordered Item 1",
                          "marks": [],
                          "data": {}
                        }
                      ]
                    }
                  ]
                },
                {
                  "nodeType": "list-item",
                  "data": {},
                  "content": [
                    {
                      "nodeType": "paragraph",
                      "data": {},
                      "content": [
                        {
                          "nodeType": "text",
                          "value": "Ordered Item 2",
                          "marks": [
                            {
                              "type": "bold"
                            }
                          ],
                          "data": {}
                        }
                      ]
                    }
                  ]
                }
              ]
            },
            {
              "nodeType": "table",
              "data": {},
              "content": [
                {
                  "nodeType": "table-row",
                  "data": {},
                  "content": [
                    {
                      "nodeType": "table-header-cell",
                      "data": {},
                      "content": [
                        {
                          "nodeType": "paragraph",
                          "data": {},
                          "content": [
                            {
                              "nodeType": "text",
                              "value": "Header 1",
                              "marks": [],
                              "data": {}
                            }
                          ]
                        }
                      ]
                    },
                    {
                      "nodeType": "table-header-cell",
                      "data": {},
                      "content": [
                        {
                          "nodeType": "paragraph",
                          "data": {},
                          "content": [
                            {
                              "nodeType": "text",
                              "value": "Header 2",
                              "marks": [],
                              "data": {}
                            }
                          ]
                        }
                      ]
                    }
                  ]
                },
                {
                  "nodeType": "table-row",
                  "data": {},
                  "content": [
                    {
                      "nodeType": "table-cell",
                      "data": {},
                      "content": [
                        {
                          "nodeType": "paragraph",
                          "data": {},
                          "content": [
                            {
                              "nodeType": "text",
                              "value": "Column 1-1",
                              "marks": [],
                              "data": {}
                            }
                          ]
                        }
                      ]
                    },
                    {
                      "nodeType": "table-cell",
                      "data": {},
                      "content": [
                        {
                          "nodeType": "paragraph",
                          "data": {},
                          "content": [
                            {
                              "nodeType": "text",
                              "value": "Column 1-2",
                              "marks": [],
                              "data": {}
                            }
                          ]
                        }
                      ]
                    }
                  ]
                },
                {
                  "nodeType": "table-row",
                  "data": {},
                  "content": [
                    {
                      "nodeType": "table-cell",
                      "data": {},
                      "content": [
                        {
                          "nodeType": "paragraph",
                          "data": {},
                          "content": [
                            {
                              "nodeType": "text",
                              "value": "Column 2-1",
                              "marks": [],
                              "data": {}
                            }
                          ]
                        }
                      ]
                    },
                    {
                      "nodeType": "table-cell",
                      "data": {},
                      "content": [
                        {
                          "nodeType": "paragraph",
                          "data": {},
                          "content": [
                            {
                              "nodeType": "text",
                              "value": "Column 2-2",
                              "marks": [],
                              "data": {}
                            }
                          ]
                        }
                      ]
                    }
                  ]
                }
              ]
            },
            {
              "nodeType": "paragraph",
              "data": {},
              "content": [
                {
                  "nodeType": "text",
                  "value": "",
                  "marks": [],
                  "data": {}
                }
              ]
            }
          ]
        }
      }
    }
  },
  "contentType": "section"
}
