{
  "entryContent": {
    "fields": {
      "name": {
        "en-US": "‚ùå [ENG] List Item 3"
      },
      "shortText": {
        "en-US": "List Item 3"
      },
      "longText": {
        "en-US": "Lorem ipsum dolor sit amet, consectetur adipiscing elit."
      }
    }
  },
  "contentType": "listItem"
}
