{
  "entryContent": {
    "fields": {
      "title": {
        "en-US": "‚ùå [ENG] Microsoft Square TEST"
      },
      "logoImage": {
        "en-US": {
          "sys": {
            "type": "Link",
            "linkType": "Asset",
            "id": "7aCApN8gyhhPHTvHOMItSN"
          }
        }
      }
    }
  },
  "contentType": "organization"
}
