{
  "entryContent": {
    "fields": {
      "internalName": {
        "en-US": "‚ùå [ENG] FAQ Links"
      },
      "question": {
        "en-US": "FAQ Links"
      },
      "answer": {
        "en-US": {
          "data": {},
          "content": [
            {
              "data": {},
              "content": [
                {
                  "data": {},
                  "marks": [],
                  "value": "",
                  "nodeType": "text"
                },
                {
                  "data": {
                    "uri": "https://code.org"
                  },
                  "content": [
                    {
                      "data": {},
                      "marks": [],
                      "value": "Normal link",
                      "nodeType": "text"
                    }
                  ],
                  "nodeType": "hyperlink"
                },
                {
                  "data": {},
                  "marks": [],
                  "value": "",
                  "nodeType": "text"
                }
              ],
              "nodeType": "paragraph"
            },
            {
              "data": {},
              "content": [
                {
                  "data": {},
                  "marks": [
                    {
                      "type": "bold"
                    }
                  ],
                  "value": "",
                  "nodeType": "text"
                },
                {
                  "data": {
                    "uri": "https://code.org"
                  },
                  "content": [
                    {
                      "data": {},
                      "marks": [
                        {
                          "type": "bold"
                        }
                      ],
                      "value": "Bold link",
                      "nodeType": "text"
                    }
                  ],
                  "nodeType": "hyperlink"
                },
                {
                  "data": {},
                  "marks": [],
                  "value": "",
                  "nodeType": "text"
                }
              ],
              "nodeType": "paragraph"
            },
            {
              "data": {},
              "content": [
                {
                  "data": {},
                  "marks": [
                    {
                      "type": "italic"
                    }
                  ],
                  "value": "",
                  "nodeType": "text"
                },
                {
                  "data": {
                    "uri": "https://code.org"
                  },
                  "content": [
                    {
                      "data": {},
                      "marks": [
                        {
                          "type": "italic"
                        }
                      ],
                      "value": "Italic link",
                      "nodeType": "text"
                    }
                  ],
                  "nodeType": "hyperlink"
                },
                {
                  "data": {},
                  "marks": [],
                  "value": "",
                  "nodeType": "text"
                }
              ],
              "nodeType": "paragraph"
            },
            {
              "data": {},
              "content": [
                {
                  "data": {},
                  "marks": [
                    {
                      "type": "bold"
                    },
                    {
                      "type": "italic"
                    }
                  ],
                  "value": "",
                  "nodeType": "text"
                },
                {
                  "data": {
                    "uri": "https://code.org"
                  },
                  "content": [
                    {
                      "data": {},
                      "marks": [
                        {
                          "type": "bold"
                        },
                        {
                          "type": "italic"
                        }
                      ],
                      "value": "Bold Italic link",
                      "nodeType": "text"
                    }
                  ],
                  "nodeType": "hyperlink"
                },
                {
                  "data": {},
                  "marks": [],
                  "value": "",
                  "nodeType": "text"
                }
              ],
              "nodeType": "paragraph"
            }
          ],
          "nodeType": "document"
        }
      }
    }
  },
  "contentType": "faq"
}
