[
  "79dI2fR2dzbb0IN3dFQJ3t",
  "1MRgVjtophe1CDjLbTpqXz",
  "5tj5VA14Nr5OMZUtSubk1E",
  "3IqvCruY4yXUCkvfArArsD",
  "1M58VbIv8wux84Tq58P78v",
  "79dI2fR2dzbb0IN3dFQJ3t",
  "49SifjEqSHArcx1iEiSw4o",
  "6Jgr1x1twPWiSMQpCUmrUt",
  "79dI2fR2dzbb0IN3dFQJ3t",
  "49SifjEqSHArcx1iEiSw4o",
  "5CznPyR4ZsbIkhpwSaUxoe",
  "7Gumifs6ZTcj2G02BUoqFz",
  "79dI2fR2dzbb0IN3dFQJ3t",
  "49SifjEqSHArcx1iEiSw4o",
  "1HWV07i9omvarlmtVr4orB",
  "79dI2fR2dzbb0IN3dFQJ3t",
  "49SifjEqSHArcx1iEiSw4o",
  "5CznPyR4ZsbIkhpwSaUxoe",
  "tQOlCHWsKpGR4hFaI3xqm",
  "79dI2fR2dzbb0IN3dFQJ3t",
  "49SifjEqSHArcx1iEiSw4o",
  "3CqSD4orrZzEoAvyXEFS7x",
  "79dI2fR2dzbb0IN3dFQJ3t",
  "49SifjEqSHArcx1iEiSw4o",
  "5CznPyR4ZsbIkhpwSaUxoe",
  "6gUm7q1JYZjyE5p9EfANIG",
  "2Mhlh94AQ1PrQDyultyDeC",
  "79dI2fR2dzbb0IN3dFQJ3t",
  "49SifjEqSHArcx1iEiSw4o",
  "3CqSD4orrZzEoAvyXEFS7x",
  "79dI2fR2dzbb0IN3dFQJ3t",
  "49SifjEqSHArcx1iEiSw4o",
  "1HWV07i9omvarlmtVr4orB",
  "79dI2fR2dzbb0IN3dFQJ3t",
  "49SifjEqSHArcx1iEiSw4o",
  "6Jgr1x1twPWiSMQpCUmrUt",
  "79dI2fR2dzbb0IN3dFQJ3t",
  "49SifjEqSHArcx1iEiSw4o",
  "1HIaZBetOiLXTpTaomepyu",
  "29RmoSX0ra5slBXtk5KXzM",
  "6lO284hjA2HSBDkgipX18Q",
  "1JoMHQi1j1tApZYAZeMXzD",
  "51urVYxgf4qqIZy5jWkgRk",
  "19LOg2OhaQROxsIT7ATjqc",
  "7rV1ujJgi05fYtqIEKagMm",
  "1dZ4s6uwH0POzF2Al8kKgK",
  "79dI2fR2dzbb0IN3dFQJ3t",
  "49SifjEqSHArcx1iEiSw4o",
  "5CznPyR4ZsbIkhpwSaUxoe",
  "7Gumifs6ZTcj2G02BUoqFz",
  "3BLuF3jm0oTV17RPwLOgC6",
  "6dKwFBFEBdFlARthWp3NPS",
  "5nnUZ6lpANuWWjP570Cr1y",
  "M63pYe4MTJL67EQeHpsuX",
  "7lymk9QTo4TbYsOJeuPisD",
  "4CuRZhyG9C7gAzo0fnR5xR",
  "3UaLznScxJz5Y3eN1mlKMY",
  "5kOYMQKGJG6wtv3uHGQdTJ",
  "4shm3jYrTHk9uBKkgQMQf6",
  "1td81MiIkTqJl6hYb8PVc7",
  "5bfkiF0mx4JQbUpf7xCWYg",
  "4SDvKKtx0qpCDwFTizoPVx",
  "SYQfb1i0V1CoFQM21LvaZ",
  "1VxqQFPWjGyFtmlUsxBt1y",
  "65RoCDb4zedagMJ4GowP0L",
  "5CznPyR4ZsbIkhpwSaUxoe",
  "2JLo5rz0ZXkscFjP0VOzJh",
  "5CznPyR4ZsbIkhpwSaUxoe",
  "pkTMkG4WCErv8JdPfJhar",
  "2jh7UpvUMH5dYNR7dDZJdw",
  "49VdYaS7eknpZ0NJlPiL1X",
  "79dI2fR2dzbb0IN3dFQJ3t",
  "49SifjEqSHArcx1iEiSw4o",
  "5CznPyR4ZsbIkhpwSaUxoe",
  "7Gumifs6ZTcj2G02BUoqFz",
  "79dI2fR2dzbb0IN3dFQJ3t",
  "49SifjEqSHArcx1iEiSw4o",
  "5CznPyR4ZsbIkhpwSaUxoe",
  "6gUm7q1JYZjyE5p9EfANIG",
  "79dI2fR2dzbb0IN3dFQJ3t",
  "49SifjEqSHArcx1iEiSw4o",
  "5CznPyR4ZsbIkhpwSaUxoe",
  "tQOlCHWsKpGR4hFaI3xqm",
  "79dI2fR2dzbb0IN3dFQJ3t",
  "49SifjEqSHArcx1iEiSw4o",
  "5CznPyR4ZsbIkhpwSaUxoe",
  "4Uu1fmD76F4wyIY6vCnfp8",
  "3qrVQ4IDOS7JwR8uQy2VMV",
  "53hnyQQVUfylnTa7f24dDJ",
  "3BLuF3jm0oTV17RPwLOgC6",
  "3oxrIQkHqzpbTrXqwk0aIa",
  "4xyTmh7jAVCC3glKeke0cP",
  "20rQYDvS9V3fnwtMyAW0m4",
  "1hQeP2bdFuIFm5kuYeefew",
  "2rnXDDT2HB8MmwM6u1L4bH"
]
