{
  "entryContent": {
    "fields": {
      "listName": {
        "en-US": "‚ùå [ENG] Simple List Test"
      },
      "listHeading": {
        "en-US": "Simple List Test Heading"
      },
      "description": {
        "en-US": "Lorem ipsum dolor sit amet, consectetur adipiscing elit."
      },
      "itemsInThisList": {
        "en-US": [
          {
            "sys": {
              "type": "Link",
              "linkType": "Entry",
              "id": "3CKippL3oudp1CS3chX4e4"
            }
          },
          {
            "sys": {
              "type": "Link",
              "linkType": "Entry",
              "id": "4ydXKk9tJkyS3IOlfHSYco"
            }
          },
          {
            "sys": {
              "type": "Link",
              "linkType": "Entry",
              "id": "70ISdflgSNLgfLOAq6JcVf"
            }
          }
        ]
      }
    }
  },
  "contentType": "list"
}
